// Jest Snapshot v1, https://goo.gl/fbAQLP

exports[`Component - DruxtFieldEntityReferenceEntityView default 1`] = `
"<div>
  <!---->
  <!---->
  <druxt-entity-stub type=\\"pages\\" uuid=\\"fe00c55d-0335-49d6-964e-a868c0c68f9c\\" mode=\\"default\\" wrapper=\\"[object Object]\\"></druxt-entity-stub>
</div>"
`;
