// Jest Snapshot v1, https://goo.gl/fbAQLP

exports[`DruxtEntity missing schema 1`] = `
"<div>
  <div entity=\\"[object Object]\\" value=\\"[object Object]\\">
    <details style=\\"border: 2px dashed lightgrey; margin: 0.5em 0px; padding: 1em;\\">
      <summary>[DruxtEntity] Missing schema for 'file--file--default'</summary><br><label>Component options:<ul>
          <li>DruxtEntityFileFileDefaultView</li>
          <li>DruxtEntityFileFileDefault</li>
          <li>DruxtEntityFileFile</li>
          <li>DruxtEntityDefault</li>
        </ul></label><br><label>Entity:<pre>{
  \\"type\\": \\"file--file\\",
  \\"id\\": \\"7adbf02c-6e41-40ae-9124-8b4781f9c160\\",
  \\"links\\": {
    \\"self\\": {
      \\"href\\": \\"https://demo-api.druxtjs.org/en/jsonapi/file/file/7adbf02c-6e41-40ae-9124-8b4781f9c160\\"
    }
  },
  \\"attributes\\": {
    \\"drupal_internal__fid\\": 3,
    \\"langcode\\": \\"en\\",
    \\"filename\\": \\"vegan-chocolate-nut-brownies.jpg\\",
    \\"uri\\": {
      \\"value\\": \\"public://vegan-chocolate-nut-brownies.jpg\\",
      \\"url\\": \\"/sites/default/files/vegan-chocolate-nut-brownies.jpg\\"
    },
    \\"filemime\\": \\"image/jpeg\\",
    \\"filesize\\": 109982,
    \\"status\\": true,
    \\"created\\": \\"2021-05-01T06:24:09+00:00\\",
    \\"changed\\": \\"2021-05-01T06:24:09+00:00\\"
  },
  \\"relationships\\": {
    \\"uid\\": {
      \\"data\\": null,
      \\"links\\": {
        \\"related\\": {
          \\"href\\": \\"https://demo-api.druxtjs.org/en/jsonapi/file/file/7adbf02c-6e41-40ae-9124-8b4781f9c160/uid\\"
        },
        \\"self\\": {
          \\"href\\": \\"https://demo-api.druxtjs.org/en/jsonapi/file/file/7adbf02c-6e41-40ae-9124-8b4781f9c160/relationships/uid\\"
        }
      }
    }
  }
}</pre></label>
    </details>
  </div>
</div>"
`;

exports[`DruxtEntity node--page - filtered 1`] = `
"<div>
  <div>{\\"type\\":\\"node--page\\",\\"id\\":\\"772b174a-796f-4301-a04d-b935a7304fba\\",\\"links\\":{\\"self\\":{\\"href\\":\\"https://demo-api.druxtjs.org/en/jsonapi/node/page/772b174a-796f-4301-a04d-b935a7304fba?resourceVersion=id%3A36\\"}},\\"attributes\\":{\\"body\\":{\\"value\\":\\"&lt;p&gt;Umami is a fictional food magazine that has been created to demonstrate how you might build a Drupal site using functionality provided 'out of the box'.&lt;/p&gt;&lt;p&gt;For more information visit &lt;a href='https://www.drupal.org/docs/8/umami-drupal-8-demonstration-installation-profile'&gt;https://www.drupal.org/docs/8/umami-drupal-8-demonstration-installation-profile&lt;/a&gt;.&lt;/p&gt;\\",\\"format\\":\\"basic_html\\",\\"processed\\":\\"&lt;p&gt;Umami is a fictional food magazine that has been created to demonstrate how you might build a Drupal site using functionality provided 'out of the box'.&lt;/p&gt;\\\\n&lt;p&gt;For more information visit &lt;a href=\\\\\\"https://www.drupal.org/docs/8/umami-drupal-8-demonstration-installation-profile\\\\\\"&gt;https://www.drupal.org/docs/8/umami-drupal-8-demonstration-installation-profile&lt;/a&gt;.&lt;/p&gt;\\\\n\\",\\"summary\\":null},\\"title\\":\\"About Umami\\"}}</div>
</div>"
`;

exports[`DruxtEntity node--page 1`] = `
"<div>
  <druxtentitynodepage-stub entity=\\"[object Object]\\" fields=\\"[object Object]\\" schema=\\"[object Object]\\" value=\\"[object Object]\\"></druxtentitynodepage-stub>
</div>"
`;
